// Vitest Snapshot v1, https://vitest.dev/guide/snapshot.html

exports[`(Component) IconButton > should match the snapshot 1`] = `
<button
  aria-label="Click me"
  class="icon-button icon-cog icon-button--normal"
  data-testid="icon-button"
  title="Click me"
  type="button"
/>
`;
