// Vitest Snapshot v1, https://vitest.dev/guide/snapshot.html

exports[`(Component) Button > should match the snapshot 1`] = `
<button
  class="button button--primary button--normal"
  data-testid="button"
  type="button"
>
  Click me
</button>
`;
