// Vitest Snapshot v1, https://vitest.dev/guide/snapshot.html

exports[`(Component) Card > should match the snapshot 1`] = `
<div
  class="card"
>
  <div
    class="d-flex justify-content-between align-items-center mb-4"
  >
    <h3>
      Test
    </h3>
  </div>
  Test
</div>
`;
