// Vitest Snapshot v1, https://vitest.dev/guide/snapshot.html

exports[`(Component) Toggle > should match the snapshot 1`] = `
<input
  class="toggle toggle--normal"
  data-testid="toggle"
  id=""
  name=""
  type="checkbox"
  value=""
/>
`;
